AR mux behavioral C:/Users/ja/Desktop/work/FPGA/projekty/ALU/MUX.vhd sub00/vhpl13 1549788703
AR out_vga behavioral C:/Users/ja/Desktop/work/FPGA/projekty/ALU/OUT_VGA.vhd sub00/vhpl07 1549788707
AR core_m2 behavioral C:/Users/ja/Desktop/work/FPGA/projekty/ALU/CORE_M2.vhd sub00/vhpl03 1549788693
EN db NULL C:/Users/ja/Desktop/work/FPGA/projekty/ALU/DB.vhd sub00/vhpl18 1549788694
EN core_m2 NULL C:/Users/ja/Desktop/work/FPGA/projekty/ALU/CORE_M2.vhd sub00/vhpl02 1549788692
EN dce_q816 NULL C:/Users/ja/Desktop/work/FPGA/projekty/ALU/DCE_Q816.vhd sub00/vhpl22 1549788712
EN logic NULL C:/Users/ja/Desktop/work/FPGA/projekty/ALU/Logic.vhd sub00/vhpl20 1549788700
EN ir NULL C:/Users/ja/Desktop/work/FPGA/projekty/ALU/IR.vhd sub00/vhpl16 1549788698
EN pc NULL C:/Users/ja/Desktop/work/FPGA/projekty/ALU/PC.vhd sub00/vhpl14 1549788708
AR db behavioral C:/Users/ja/Desktop/work/FPGA/projekty/ALU/DB.vhd sub00/vhpl19 1549788695
EN out_vga NULL C:/Users/ja/Desktop/work/FPGA/projekty/ALU/OUT_VGA.vhd sub00/vhpl06 1549788706
AR dce_q816 behavioral C:/Users/ja/Desktop/work/FPGA/projekty/ALU/DCE_Q816.vhd sub00/vhpl23 1549788713
AR ir behavioral C:/Users/ja/Desktop/work/FPGA/projekty/ALU/IR.vhd sub00/vhpl17 1549788699
AR logic structural C:/Users/ja/Desktop/work/FPGA/projekty/ALU/Logic.vhd sub00/vhpl21 1549788701
AR out_reg behavioral C:/Users/ja/Desktop/work/FPGA/projekty/ALU/OUT_REG.vhd sub00/vhpl05 1549788705
EN mux NULL C:/Users/ja/Desktop/work/FPGA/projekty/ALU/MUX.vhd sub00/vhpl12 1549788702
AR alu behavioral C:/Users/ja/Desktop/work/FPGA/projekty/ALU/ALU.vhd sub00/vhpl01 1549788691
EN in_reg NULL C:/Users/ja/Desktop/work/FPGA/projekty/ALU/IN_REG.vhd sub00/vhpl10 1549788696
EN rar NULL C:/Users/ja/Desktop/work/FPGA/projekty/ALU/RAR.vhd sub00/vhpl08 1549788710
AR pc behavioral C:/Users/ja/Desktop/work/FPGA/projekty/ALU/PC.vhd sub00/vhpl15 1549788709
AR rar behavioral C:/Users/ja/Desktop/work/FPGA/projekty/ALU/RAR.vhd sub00/vhpl09 1549788711
EN out_reg NULL C:/Users/ja/Desktop/work/FPGA/projekty/ALU/OUT_REG.vhd sub00/vhpl04 1549788704
AR in_reg behavioral C:/Users/ja/Desktop/work/FPGA/projekty/ALU/IN_REG.vhd sub00/vhpl11 1549788697
EN alu NULL C:/Users/ja/Desktop/work/FPGA/projekty/ALU/ALU.vhd sub00/vhpl00 1549788690
